#! /c/Source/iverilog-install/bin/vvp
:ivl_version "12.0 (devel)" "(s20150603-1110-g18392a46)";
:ivl_delay_selection "TYPICAL";
:vpi_time_precision + 0;
:vpi_module "C:\iverilog\lib\ivl\system.vpi";
:vpi_module "C:\iverilog\lib\ivl\vhdl_sys.vpi";
:vpi_module "C:\iverilog\lib\ivl\vhdl_textio.vpi";
:vpi_module "C:\iverilog\lib\ivl\v2005_math.vpi";
:vpi_module "C:\iverilog\lib\ivl\va_math.vpi";
S_0000021e95fb9260 .scope module, "vending_machine_tb" "vending_machine_tb" 2 6;
 .timescale 0 0;
v0000021e95fbe680_0 .net "change", 6 0, v0000021e95fbe540_0;  1 drivers
v0000021e95fbe2c0_0 .var "clk", 0 0;
v0000021e95fbe720_0 .net "dispense", 0 0, L_0000021e96038090;  1 drivers
v0000021e95fbe7c0_0 .var "five", 2 0;
v0000021e95fbe9a0_0 .net "insufficient_balance", 0 0, v0000021e95fbe4a0_0;  1 drivers
v0000021e95fbea40_0 .var "rstn", 0 0;
v0000021e95fbdbe0_0 .var "select", 1 0;
v0000021e95fbdb40_0 .var "ten", 2 0;
E_0000021e95fbbe00 .event posedge, v0000021e95fbdd20_0;
E_0000021e95fbc3c0 .event negedge, v0000021e95fbdd20_0;
S_0000021e95fbcd00 .scope module, "dut" "vending_machine" 2 16, 3 6 0, S_0000021e95fb9260;
 .timescale 0 0;
    .port_info 0 /INPUT 1 "clk";
    .port_info 1 /INPUT 1 "rstn";
    .port_info 2 /INPUT 3 "five";
    .port_info 3 /INPUT 3 "ten";
    .port_info 4 /INPUT 2 "select";
    .port_info 5 /OUTPUT 1 "dispense";
    .port_info 6 /OUTPUT 1 "insufficient_balance";
    .port_info 7 /OUTPUT 7 "change";
P_0000021e96109940 .param/l "ACCEPT" 1 3 19, +C4<00000000000000000000000000000100>;
P_0000021e96109978 .param/l "BISCUIT" 1 3 17, +C4<00000000000000000000000000000010>;
P_0000021e961099b0 .param/l "CHOCOLATE" 1 3 16, +C4<00000000000000000000000000000001>;
P_0000021e961099e8 .param/l "CHOCO_AND_BISCUIT" 1 3 18, +C4<00000000000000000000000000000011>;
P_0000021e96109a20 .param/l "IDLE" 1 3 15, +C4<00000000000000000000000000000000>;
v0000021e95fbe180_0 .net *"_ivl_0", 31 0, L_0000021e960374b0;  1 drivers
L_0000021e96110088 .functor BUFT 1, C4<00000000000000000000000000000>, C4<0>, C4<0>, C4<0>;
v0000021e95fbe040_0 .net *"_ivl_3", 28 0, L_0000021e96110088;  1 drivers
L_0000021e961100d0 .functor BUFT 1, C4<00000000000000000000000000000100>, C4<0>, C4<0>, C4<0>;
v0000021e95fbe900_0 .net/2u *"_ivl_4", 31 0, L_0000021e961100d0;  1 drivers
v0000021e95fbdc80_0 .var "amount", 6 0;
v0000021e95fbe540_0 .var "change", 6 0;
v0000021e95fbdd20_0 .net "clk", 0 0, v0000021e95fbe2c0_0;  1 drivers
v0000021e95fbde60_0 .var "curr_state", 2 0;
v0000021e95fbe0e0_0 .net "dispense", 0 0, L_0000021e96038090;  alias, 1 drivers
v0000021e95fbe400_0 .net "five", 2 0, v0000021e95fbe7c0_0;  1 drivers
v0000021e95fbe4a0_0 .var "insufficient_balance", 0 0;
v0000021e95fbe860_0 .var "next_change", 6 0;
v0000021e95fbdf00_0 .var "next_state", 2 0;
v0000021e95fbdfa0_0 .net "rstn", 0 0, v0000021e95fbea40_0;  1 drivers
v0000021e95fbe220_0 .net "select", 1 0, v0000021e95fbdbe0_0;  1 drivers
v0000021e95fbe5e0_0 .net "ten", 2 0, v0000021e95fbdb40_0;  1 drivers
E_0000021e95fbc1c0/0 .event anyedge, v0000021e95fbde60_0, v0000021e95fbe540_0, v0000021e95fbe400_0, v0000021e95fbe5e0_0;
E_0000021e95fbc1c0/1 .event anyedge, v0000021e95fbe220_0, v0000021e95fbdc80_0;
E_0000021e95fbc1c0 .event/or E_0000021e95fbc1c0/0, E_0000021e95fbc1c0/1;
E_0000021e95fbc300/0 .event negedge, v0000021e95fbdfa0_0;
E_0000021e95fbc300/1 .event posedge, v0000021e95fbdd20_0;
E_0000021e95fbc300 .event/or E_0000021e95fbc300/0, E_0000021e95fbc300/1;
L_0000021e960374b0 .concat [ 3 29 0 0], v0000021e95fbde60_0, L_0000021e96110088;
L_0000021e96038090 .cmp/eq 32, L_0000021e960374b0, L_0000021e961100d0;
    .scope S_0000021e95fbcd00;
T_0 ;
    %wait E_0000021e95fbc300;
    %load/vec4 v0000021e95fbdfa0_0;
    %nor/r;
    %flag_set/vec4 8;
    %jmp/0xz  T_0.0, 8;
    %pushi/vec4 0, 0, 3;
    %assign/vec4 v0000021e95fbde60_0, 0;
    %jmp T_0.1;
T_0.0 ;
    %load/vec4 v0000021e95fbdf00_0;
    %assign/vec4 v0000021e95fbde60_0, 0;
T_0.1 ;
    %jmp T_0;
    .thread T_0;
    .scope S_0000021e95fbcd00;
T_1 ;
    %wait E_0000021e95fbc300;
    %load/vec4 v0000021e95fbdfa0_0;
    %nor/r;
    %flag_set/vec4 8;
    %jmp/0xz  T_1.0, 8;
    %pushi/vec4 0, 0, 7;
    %assign/vec4 v0000021e95fbe540_0, 0;
    %jmp T_1.1;
T_1.0 ;
    %load/vec4 v0000021e95fbdf00_0;
    %pad/u 32;
    %cmpi/e 4, 0, 32;
    %jmp/0xz  T_1.2, 4;
    %load/vec4 v0000021e95fbe860_0;
    %assign/vec4 v0000021e95fbe540_0, 0;
    %jmp T_1.3;
T_1.2 ;
    %load/vec4 v0000021e95fbde60_0;
    %pad/u 32;
    %cmpi/e 4, 0, 32;
    %jmp/0xz  T_1.4, 4;
    %pushi/vec4 0, 0, 7;
    %assign/vec4 v0000021e95fbe540_0, 0;
T_1.4 ;
T_1.3 ;
T_1.1 ;
    %jmp T_1;
    .thread T_1;
    .scope S_0000021e95fbcd00;
T_2 ;
    %wait E_0000021e95fbc1c0;
    %load/vec4 v0000021e95fbde60_0;
    %store/vec4 v0000021e95fbdf00_0, 0, 3;
    %load/vec4 v0000021e95fbe540_0;
    %store/vec4 v0000021e95fbe860_0, 0, 7;
    %pushi/vec4 0, 0, 1;
    %store/vec4 v0000021e95fbe4a0_0, 0, 1;
    %load/vec4 v0000021e95fbe400_0;
    %pad/u 7;
    %muli 5, 0, 7;
    %load/vec4 v0000021e95fbe5e0_0;
    %pad/u 7;
    %muli 10, 0, 7;
    %add;
    %store/vec4 v0000021e95fbdc80_0, 0, 7;
    %load/vec4 v0000021e95fbde60_0;
    %dup/vec4;
    %pushi/vec4 0, 0, 3;
    %cmp/u;
    %jmp/1 T_2.0, 6;
    %dup/vec4;
    %pushi/vec4 1, 0, 3;
    %cmp/u;
    %jmp/1 T_2.1, 6;
    %dup/vec4;
    %pushi/vec4 2, 0, 3;
    %cmp/u;
    %jmp/1 T_2.2, 6;
    %dup/vec4;
    %pushi/vec4 3, 0, 3;
    %cmp/u;
    %jmp/1 T_2.3, 6;
    %dup/vec4;
    %pushi/vec4 4, 0, 3;
    %cmp/u;
    %jmp/1 T_2.4, 6;
    %pushi/vec4 0, 0, 3;
    %store/vec4 v0000021e95fbdf00_0, 0, 3;
    %pushi/vec4 0, 0, 1;
    %store/vec4 v0000021e95fbe4a0_0, 0, 1;
    %jmp T_2.6;
T_2.0 ;
    %pushi/vec4 0, 0, 7;
    %store/vec4 v0000021e95fbe860_0, 0, 7;
    %load/vec4 v0000021e95fbe220_0;
    %dup/vec4;
    %pushi/vec4 1, 0, 2;
    %cmp/u;
    %jmp/1 T_2.7, 6;
    %dup/vec4;
    %pushi/vec4 2, 0, 2;
    %cmp/u;
    %jmp/1 T_2.8, 6;
    %dup/vec4;
    %pushi/vec4 3, 0, 2;
    %cmp/u;
    %jmp/1 T_2.9, 6;
    %pushi/vec4 0, 0, 3;
    %store/vec4 v0000021e95fbdf00_0, 0, 3;
    %jmp T_2.11;
T_2.7 ;
    %pushi/vec4 1, 0, 3;
    %store/vec4 v0000021e95fbdf00_0, 0, 3;
    %jmp T_2.11;
T_2.8 ;
    %pushi/vec4 2, 0, 3;
    %store/vec4 v0000021e95fbdf00_0, 0, 3;
    %jmp T_2.11;
T_2.9 ;
    %pushi/vec4 3, 0, 3;
    %store/vec4 v0000021e95fbdf00_0, 0, 3;
    %jmp T_2.11;
T_2.11 ;
    %pop/vec4 1;
    %jmp T_2.6;
T_2.1 ;
    %load/vec4 v0000021e95fbdc80_0;
    %pad/u 32;
    %cmpi/u 20, 0, 32;
    %flag_inv 5; GE is !LT
    %jmp/0xz  T_2.12, 5;
    %pushi/vec4 4, 0, 3;
    %store/vec4 v0000021e95fbdf00_0, 0, 3;
    %load/vec4 v0000021e95fbdc80_0;
    %subi 20, 0, 7;
    %store/vec4 v0000021e95fbe860_0, 0, 7;
    %jmp T_2.13;
T_2.12 ;
    %pushi/vec4 1, 0, 1;
    %store/vec4 v0000021e95fbe4a0_0, 0, 1;
    %pushi/vec4 1, 0, 3;
    %store/vec4 v0000021e95fbdf00_0, 0, 3;
T_2.13 ;
    %jmp T_2.6;
T_2.2 ;
    %load/vec4 v0000021e95fbdc80_0;
    %pad/u 32;
    %cmpi/u 15, 0, 32;
    %flag_inv 5; GE is !LT
    %jmp/0xz  T_2.14, 5;
    %pushi/vec4 4, 0, 3;
    %store/vec4 v0000021e95fbdf00_0, 0, 3;
    %load/vec4 v0000021e95fbdc80_0;
    %subi 15, 0, 7;
    %store/vec4 v0000021e95fbe860_0, 0, 7;
    %jmp T_2.15;
T_2.14 ;
    %pushi/vec4 2, 0, 3;
    %store/vec4 v0000021e95fbdf00_0, 0, 3;
    %pushi/vec4 1, 0, 1;
    %store/vec4 v0000021e95fbe4a0_0, 0, 1;
T_2.15 ;
    %jmp T_2.6;
T_2.3 ;
    %load/vec4 v0000021e95fbdc80_0;
    %pad/u 32;
    %cmpi/u 35, 0, 32;
    %flag_inv 5; GE is !LT
    %jmp/0xz  T_2.16, 5;
    %pushi/vec4 4, 0, 3;
    %store/vec4 v0000021e95fbdf00_0, 0, 3;
    %load/vec4 v0000021e95fbdc80_0;
    %subi 35, 0, 7;
    %store/vec4 v0000021e95fbe860_0, 0, 7;
    %jmp T_2.17;
T_2.16 ;
    %pushi/vec4 3, 0, 3;
    %store/vec4 v0000021e95fbdf00_0, 0, 3;
    %pushi/vec4 1, 0, 1;
    %store/vec4 v0000021e95fbe4a0_0, 0, 1;
T_2.17 ;
    %jmp T_2.6;
T_2.4 ;
    %pushi/vec4 0, 0, 3;
    %store/vec4 v0000021e95fbdf00_0, 0, 3;
    %pushi/vec4 0, 0, 1;
    %store/vec4 v0000021e95fbe4a0_0, 0, 1;
    %jmp T_2.6;
T_2.6 ;
    %pop/vec4 1;
    %jmp T_2;
    .thread T_2, $push;
    .scope S_0000021e95fb9260;
T_3 ;
    %delay 5, 0;
    %load/vec4 v0000021e95fbe2c0_0;
    %inv;
    %store/vec4 v0000021e95fbe2c0_0, 0, 1;
    %jmp T_3;
    .thread T_3;
    .scope S_0000021e95fb9260;
T_4 ;
    %vpi_call 2 24 "$dumpfile", "vending_machine.vcd" {0 0 0};
    %vpi_call 2 25 "$dumpvars", 32'sb00000000000000000000000000000000, S_0000021e95fb9260 {0 0 0};
    %pushi/vec4 0, 0, 1;
    %store/vec4 v0000021e95fbe2c0_0, 0, 1;
    %pushi/vec4 0, 0, 1;
    %store/vec4 v0000021e95fbea40_0, 0, 1;
    %pushi/vec4 0, 0, 3;
    %store/vec4 v0000021e95fbe7c0_0, 0, 3;
    %pushi/vec4 0, 0, 3;
    %store/vec4 v0000021e95fbdb40_0, 0, 3;
    %pushi/vec4 0, 0, 2;
    %store/vec4 v0000021e95fbdbe0_0, 0, 2;
    %wait E_0000021e95fbbe00;
    %pushi/vec4 1, 0, 1;
    %store/vec4 v0000021e95fbea40_0, 0, 1;
    %vpi_call 2 38 "$display", "\012Chocolate - Exact amount" {0 0 0};
    %wait E_0000021e95fbc3c0;
    %pushi/vec4 0, 0, 3;
    %store/vec4 v0000021e95fbe7c0_0, 0, 3;
    %pushi/vec4 2, 0, 3;
    %store/vec4 v0000021e95fbdb40_0, 0, 3;
    %pushi/vec4 1, 0, 2;
    %store/vec4 v0000021e95fbdbe0_0, 0, 2;
    %pushi/vec4 3, 0, 32;
T_4.0 %dup/vec4;
    %pushi/vec4 0, 0, 32;
    %cmp/s;
    %jmp/1xz T_4.1, 5;
    %jmp/1 T_4.1, 4;
    %pushi/vec4 1, 0, 32;
    %sub;
    %wait E_0000021e95fbbe00;
    %jmp T_4.0;
T_4.1 ;
    %pop/vec4 1;
    %vpi_call 2 48 "$display", "\012Chocolate - Extra amount" {0 0 0};
    %wait E_0000021e95fbc3c0;
    %pushi/vec4 1, 0, 3;
    %store/vec4 v0000021e95fbe7c0_0, 0, 3;
    %pushi/vec4 2, 0, 3;
    %store/vec4 v0000021e95fbdb40_0, 0, 3;
    %pushi/vec4 1, 0, 2;
    %store/vec4 v0000021e95fbdbe0_0, 0, 2;
    %pushi/vec4 3, 0, 32;
T_4.2 %dup/vec4;
    %pushi/vec4 0, 0, 32;
    %cmp/s;
    %jmp/1xz T_4.3, 5;
    %jmp/1 T_4.3, 4;
    %pushi/vec4 1, 0, 32;
    %sub;
    %wait E_0000021e95fbbe00;
    %jmp T_4.2;
T_4.3 ;
    %pop/vec4 1;
    %vpi_call 2 58 "$display", "\012Biscuit - Exact amount" {0 0 0};
    %wait E_0000021e95fbc3c0;
    %pushi/vec4 1, 0, 3;
    %store/vec4 v0000021e95fbe7c0_0, 0, 3;
    %pushi/vec4 1, 0, 3;
    %store/vec4 v0000021e95fbdb40_0, 0, 3;
    %pushi/vec4 2, 0, 2;
    %store/vec4 v0000021e95fbdbe0_0, 0, 2;
    %pushi/vec4 3, 0, 32;
T_4.4 %dup/vec4;
    %pushi/vec4 0, 0, 32;
    %cmp/s;
    %jmp/1xz T_4.5, 5;
    %jmp/1 T_4.5, 4;
    %pushi/vec4 1, 0, 32;
    %sub;
    %wait E_0000021e95fbbe00;
    %jmp T_4.4;
T_4.5 ;
    %pop/vec4 1;
    %vpi_call 2 68 "$display", "\012Biscuit - Extra amount" {0 0 0};
    %wait E_0000021e95fbc3c0;
    %pushi/vec4 1, 0, 3;
    %store/vec4 v0000021e95fbe7c0_0, 0, 3;
    %pushi/vec4 2, 0, 3;
    %store/vec4 v0000021e95fbdb40_0, 0, 3;
    %pushi/vec4 2, 0, 2;
    %store/vec4 v0000021e95fbdbe0_0, 0, 2;
    %pushi/vec4 3, 0, 32;
T_4.6 %dup/vec4;
    %pushi/vec4 0, 0, 32;
    %cmp/s;
    %jmp/1xz T_4.7, 5;
    %jmp/1 T_4.7, 4;
    %pushi/vec4 1, 0, 32;
    %sub;
    %wait E_0000021e95fbbe00;
    %jmp T_4.6;
T_4.7 ;
    %pop/vec4 1;
    %vpi_call 2 78 "$display", "\012Chocolate + Biscuit" {0 0 0};
    %wait E_0000021e95fbc3c0;
    %pushi/vec4 1, 0, 3;
    %store/vec4 v0000021e95fbe7c0_0, 0, 3;
    %pushi/vec4 3, 0, 3;
    %store/vec4 v0000021e95fbdb40_0, 0, 3;
    %pushi/vec4 3, 0, 2;
    %store/vec4 v0000021e95fbdbe0_0, 0, 2;
    %pushi/vec4 3, 0, 32;
T_4.8 %dup/vec4;
    %pushi/vec4 0, 0, 32;
    %cmp/s;
    %jmp/1xz T_4.9, 5;
    %jmp/1 T_4.9, 4;
    %pushi/vec4 1, 0, 32;
    %sub;
    %wait E_0000021e95fbbe00;
    %jmp T_4.8;
T_4.9 ;
    %pop/vec4 1;
    %vpi_call 2 88 "$display", "\012Insufficient Balance -> Add More Money" {0 0 0};
    %wait E_0000021e95fbc3c0;
    %pushi/vec4 1, 0, 3;
    %store/vec4 v0000021e95fbe7c0_0, 0, 3;
    %pushi/vec4 1, 0, 3;
    %store/vec4 v0000021e95fbdb40_0, 0, 3;
    %pushi/vec4 1, 0, 2;
    %store/vec4 v0000021e95fbdbe0_0, 0, 2;
    %pushi/vec4 3, 0, 32;
T_4.10 %dup/vec4;
    %pushi/vec4 0, 0, 32;
    %cmp/s;
    %jmp/1xz T_4.11, 5;
    %jmp/1 T_4.11, 4;
    %pushi/vec4 1, 0, 32;
    %sub;
    %wait E_0000021e95fbbe00;
    %jmp T_4.10;
T_4.11 ;
    %pop/vec4 1;
    %wait E_0000021e95fbc3c0;
    %pushi/vec4 2, 0, 3;
    %store/vec4 v0000021e95fbe7c0_0, 0, 3;
    %pushi/vec4 1, 0, 3;
    %store/vec4 v0000021e95fbdb40_0, 0, 3;
    %pushi/vec4 1, 0, 2;
    %store/vec4 v0000021e95fbdbe0_0, 0, 2;
    %pushi/vec4 2, 0, 32;
T_4.12 %dup/vec4;
    %pushi/vec4 0, 0, 32;
    %cmp/s;
    %jmp/1xz T_4.13, 5;
    %jmp/1 T_4.13, 4;
    %pushi/vec4 1, 0, 32;
    %sub;
    %wait E_0000021e95fbbe00;
    %jmp T_4.12;
T_4.13 ;
    %pop/vec4 1;
    %vpi_call 2 106 "$display", "\012Insufficient Balance -> Add More Money(with change)" {0 0 0};
    %wait E_0000021e95fbc3c0;
    %pushi/vec4 1, 0, 3;
    %store/vec4 v0000021e95fbe7c0_0, 0, 3;
    %pushi/vec4 1, 0, 3;
    %store/vec4 v0000021e95fbdb40_0, 0, 3;
    %pushi/vec4 1, 0, 2;
    %store/vec4 v0000021e95fbdbe0_0, 0, 2;
    %pushi/vec4 3, 0, 32;
T_4.14 %dup/vec4;
    %pushi/vec4 0, 0, 32;
    %cmp/s;
    %jmp/1xz T_4.15, 5;
    %jmp/1 T_4.15, 4;
    %pushi/vec4 1, 0, 32;
    %sub;
    %wait E_0000021e95fbbe00;
    %jmp T_4.14;
T_4.15 ;
    %pop/vec4 1;
    %wait E_0000021e95fbc3c0;
    %pushi/vec4 2, 0, 3;
    %store/vec4 v0000021e95fbe7c0_0, 0, 3;
    %pushi/vec4 2, 0, 3;
    %store/vec4 v0000021e95fbdb40_0, 0, 3;
    %pushi/vec4 1, 0, 2;
    %store/vec4 v0000021e95fbdbe0_0, 0, 2;
    %pushi/vec4 2, 0, 32;
T_4.16 %dup/vec4;
    %pushi/vec4 0, 0, 32;
    %cmp/s;
    %jmp/1xz T_4.17, 5;
    %jmp/1 T_4.17, 4;
    %pushi/vec4 1, 0, 32;
    %sub;
    %wait E_0000021e95fbbe00;
    %jmp T_4.16;
T_4.17 ;
    %pop/vec4 1;
    %vpi_call 2 124 "$display", "\012Invalid Selection" {0 0 0};
    %wait E_0000021e95fbc3c0;
    %pushi/vec4 0, 0, 3;
    %store/vec4 v0000021e95fbe7c0_0, 0, 3;
    %pushi/vec4 0, 0, 3;
    %store/vec4 v0000021e95fbdb40_0, 0, 3;
    %pushi/vec4 0, 0, 2;
    %store/vec4 v0000021e95fbdbe0_0, 0, 2;
    %pushi/vec4 2, 0, 32;
T_4.18 %dup/vec4;
    %pushi/vec4 0, 0, 32;
    %cmp/s;
    %jmp/1xz T_4.19, 5;
    %jmp/1 T_4.19, 4;
    %pushi/vec4 1, 0, 32;
    %sub;
    %wait E_0000021e95fbbe00;
    %jmp T_4.18;
T_4.19 ;
    %pop/vec4 1;
    %vpi_call 2 134 "$finish" {0 0 0};
    %end;
    .thread T_4;
    .scope S_0000021e95fb9260;
T_5 ;
    %vpi_call 2 139 "$monitor", "time = %0t | five = %0d | ten = %0d | select = %b | dispense = %b | insufficient = %b | change = %0d", $time, v0000021e95fbe7c0_0, v0000021e95fbdb40_0, v0000021e95fbdbe0_0, v0000021e95fbe720_0, v0000021e95fbe9a0_0, v0000021e95fbe680_0 {0 0 0};
    %end;
    .thread T_5;
# The file index is used to find the file name in the following table.
:file_names 4;
    "N/A";
    "<interactive>";
    "vending_machine_tb.v";
    "vending_machine.v";
